// Jest Snapshot v1, https://goo.gl/fbAQLP

exports[`format --config arg can be used for a custom config 1`] = `prettier --config ./my-config.js --write **/*.+(js|json|less|css|ts|tsx|md)`;

exports[`format --ignore-path arg can be used for a custom ignore file 1`] = `prettier --ignore-path ./.myignore --write **/*.+(js|json|less|css|ts|tsx|md)`;

exports[`format --no-write prevents --write argument from being added 1`] = `prettier **/*.+(js|json|less|css|ts|tsx|md)`;

exports[`format calls prettier CLI with args 1`] = `prettier --write my-src/**/*.js`;
